4PSS_6conf-0 altloc optimizer log
Loop 1/1
Round 1/23
100.0
Solver time: 0 m 29 s, Total: 0 m 45 s
-0.244%
Solver time: 0 m 30 s, Total: 1 m 32 s
-0.244%
Round 2/23
12.0
Solver time: 0 m 41 s, Total: 2 m 32 s
-0.725%
Solver time: 0 m 40 s, Total: 3 m 29 s
-0.725%
Round 3/23
10.0
Solver time: 0 m 38 s, Total: 4 m 26 s
-1.488%
Solver time: 0 m 38 s, Total: 5 m 20 s
-1.488%
Round 4/23
8.0
Solver time: 1 m 3 s, Total: 6 m 41 s
-1.498%
Solver time: 0 m 59 s, Total: 7 m 58 s
-1.498%
Round 5/23
6.0
Solver time: 0 m 50 s, Total: 9 m 6 s
-4.818%
Solver time: 0 m 48 s, Total: 10 m 10 s
-4.818%
Round 6/23
5.0
Solver time: 0 m 57 s, Total: 11 m 26 s
-5.664%
Solver time: 1 m 21 s, Total: 13 m 5 s
-5.664%
Round 7/23
4.5
Solver time: 0 m 59 s, Total: 14 m 22 s
-6.302%
Solver time: 0 m 59 s, Total: 15 m 38 s
-6.302%
Round 8/23
4.0
Solver time: 0 m 37 s, Total: 16 m 34 s
-6.305%
Solver time: 0 m 39 s, Total: 17 m 29 s
-6.305%
Round 9/23
3.5
Solver time: 0 m 37 s, Total: 18 m 24 s
-6.391%
Solver time: 0 m 37 s, Total: 19 m 18 s
-6.391%
Round 10/23
3.0
Solver time: 0 m 41 s, Total: 20 m 17 s
-6.399%
Solver time: 0 m 41 s, Total: 21 m 15 s
-6.399%
Round 11/23
2.5
Solver time: 0 m 44 s, Total: 22 m 17 s
-7.279%
Solver time: 0 m 43 s, Total: 23 m 17 s
-7.279%
Round 12/23
2.25
Solver time: 1 m 3 s, Total: 24 m 38 s
-7.352%
Solver time: 1 m 3 s, Total: 25 m 57 s
-7.352%
Round 13/23
2.0
Solver time: 0 m 54 s, Total: 27 m 10 s
-7.352%
Solver time: 0 m 53 s, Total: 28 m 20 s
-7.352%
Round 14/23
1.75
Solver time: 1 m 43 s, Total: 30 m 22 s
-35.195%
Solver time: 1 m 4 s, Total: 31 m 43 s
-35.195%
Round 15/23
1.5
Solver time: 0 m 54 s, Total: 32 m 56 s
-38.612%
Solver time: 0 m 51 s, Total: 34 m 4 s
-38.650%
Round 16/23
1.35
Solver time: 0 m 50 s, Total: 35 m 13 s
-38.847%
Solver time: 0 m 51 s, Total: 36 m 21 s
-38.847%
Round 17/23
1.2
Solver time: 1 m 58 s, Total: 38 m 39 s
-38.895%
Solver time: 1 m 28 s, Total: 40 m 24 s
-38.895%
Round 18/23
1.1
Solver time: 1 m 42 s, Total: 42 m 25 s
-39.212%
Solver time: 1 m 17 s, Total: 43 m 59 s
-39.212%
Round 19/23
1.0
Solver time: 1 m 0 s, Total: 45 m 18 s
-39.217%
Solver time: 1 m 0 s, Total: 46 m 35 s
-39.217%
Round 20/23
0.95
Solver time: 1 m 44 s, Total: 48 m 38 s
-39.328%
Solver time: 4 m 36 s, Total: 56 m 25 s
-39.328%
Round 21/23
Solver time: 43 m 58 s, Total: 100 m 44 s
-39.768%
