4PSS_6conf-0 altloc optimizer log
Loop 1/1
Round 1/22
100.0
Solver time: 0 m 36 s, Total: 0 m 53 s
-0.555%
Round 2/22
12.0
Solver time: 0 m 52 s, Total: 2 m 2 s
-1.054%
Round 3/22
10.0
Solver time: 0 m 54 s, Total: 3 m 16 s
-1.080%
Round 4/22
8.0
Solver time: 0 m 54 s, Total: 4 m 30 s
-1.101%
Round 5/22
6.0
Solver time: 1 m 1 s, Total: 5 m 53 s
-1.138%
Round 6/22
5.0
Solver time: 8 m 56 s, Total: 15 m 11 s
-1.341%
Round 7/22
4.5
Solver time: 35 m 27 s, Total: 50 m 59 s
-1.341%
Round 8/22
4.0
Solver time: 27 m 8 s, Total: 78 m 30 s
-1.341%
Round 9/22
3.5
Solver time: 90 m 30 s, Total: 260 m 7 s
-1.341%
Round 10/22
3.0
Solver time: 90 m 37 s, Total: 351 m 4 s
-1.341%
Round 11/22
2.5
